java.lang.IndexOutOfBoundsException: Index -1 out of bounds for length 0
	at java.base/jdk.internal.util.Preconditions.outOfBounds(Preconditions.java:64)
	at java.base/jdk.internal.util.Preconditions.outOfBoundsCheckIndex(Preconditions.java:70)
	at java.base/jdk.internal.util.Preconditions.checkIndex(Preconditions.java:266)
	at java.base/java.util.Objects.checkIndex(Objects.java:361)
	at java.base/java.util.ArrayList$SubList.get(ArrayList.java:1149)
	at TRANSFORMER/mclib@20/com.eliotlash.mclib.math.MathBuilder.parseSymbols(MathBuilder.java:306)
	at TRANSFORMER/mclib@20/com.eliotlash.mclib.math.MathBuilder.parseSymbols(MathBuilder.java:309)
	at TRANSFORMER/geckolib@4.8.4/software.bernie.geckolib.core.molang.MolangParser.parseSymbolsMolang(MolangParser.java:256)
	at TRANSFORMER/geckolib@4.8.4/software.bernie.geckolib.core.molang.MolangParser.parseOneLine(MolangParser.java:244)
	at TRANSFORMER/geckolib@4.8.4/software.bernie.geckolib.core.molang.MolangParser.parseExpression(MolangParser.java:199)
	at TRANSFORMER/geckolib@4.8.4/software.bernie.geckolib.core.molang.MolangParser.parseJson(MolangParser.java:181)
	at TRANSFORMER/geckolib@4.8.4/software.bernie.geckolib.loading.json.typeadapter.BakedAnimationsAdapter.buildKeyframeStack(BakedAnimationsAdapter.java:199)
	at TRANSFORMER/geckolib@4.8.4/software.bernie.geckolib.loading.json.typeadapter.BakedAnimationsAdapter.bakeBoneAnimations(BakedAnimationsAdapter.java:72)
	at TRANSFORMER/geckolib@4.8.4/software.bernie.geckolib.loading.json.typeadapter.BakedAnimationsAdapter.bakeAnimation(BakedAnimationsAdapter.java:53)
	at TRANSFORMER/geckolib@4.8.4/software.bernie.geckolib.loading.json.typeadapter.BakedAnimationsAdapter.deserialize(BakedAnimationsAdapter.java:39)
	at TRANSFORMER/geckolib@4.8.4/software.bernie.geckolib.loading.json.typeadapter.BakedAnimationsAdapter.deserialize(BakedAnimationsAdapter.java:31)
	at MC-BOOTSTRAP/com.google.gson@2.10/com.google.gson.internal.bind.TreeTypeAdapter.read(TreeTypeAdapter.java:76)
	at MC-BOOTSTRAP/com.google.gson@2.10/com.google.gson.Gson.fromJson(Gson.java:1214)
	at MC-BOOTSTRAP/com.google.gson@2.10/com.google.gson.Gson.fromJson(Gson.java:1319)
	at MC-BOOTSTRAP/com.google.gson@2.10/com.google.gson.Gson.fromJson(Gson.java:1261)
	at TRANSFORMER/geckolib@4.8.4/software.bernie.geckolib.loading.FileLoader.loadAnimationsFile(FileLoader.java:28)
	at TRANSFORMER/geckolib@4.8.4/software.bernie.geckolib.cache.GeckoLibCache.lambda$loadAnimations$1(GeckoLibCache.java:90)
	at TRANSFORMER/geckolib@4.8.4/software.bernie.geckolib.cache.GeckoLibCache.lambda$loadResources$5(GeckoLibCache.java:122)
	at java.base/java.util.concurrent.CompletableFuture$AsyncSupply.run(CompletableFuture.java:1768)
	at java.base/java.util.concurrent.CompletableFuture$AsyncSupply.exec(CompletableFuture.java:1760)
	at java.base/java.util.concurrent.ForkJoinTask.doExec(ForkJoinTask.java:373)
	at java.base/java.util.concurrent.ForkJoinPool$WorkQueue.topLevelExec(ForkJoinPool.java:1182)
	at java.base/java.util.concurrent.ForkJoinPool.scan(ForkJoinPool.java:1655)
	at java.base/java.util.concurrent.ForkJoinPool.runWorker(ForkJoinPool.java:1622)
	at java.base/java.util.concurrent.ForkJoinWorkerThread.run(ForkJoinWorkerThread.java:165)
software.bernie.geckolib.core.molang.MolangException: Couldn't parse '0-' expression!
	at TRANSFORMER/geckolib@4.8.4/software.bernie.geckolib.core.molang.MolangParser.parseOneLine(MolangParser.java:247)
	at TRANSFORMER/geckolib@4.8.4/software.bernie.geckolib.core.molang.MolangParser.parseExpression(MolangParser.java:199)
	at TRANSFORMER/geckolib@4.8.4/software.bernie.geckolib.core.molang.MolangParser.parseJson(MolangParser.java:181)
	at TRANSFORMER/geckolib@4.8.4/software.bernie.geckolib.loading.json.typeadapter.BakedAnimationsAdapter.buildKeyframeStack(BakedAnimationsAdapter.java:199)
	at TRANSFORMER/geckolib@4.8.4/software.bernie.geckolib.loading.json.typeadapter.BakedAnimationsAdapter.bakeBoneAnimations(BakedAnimationsAdapter.java:72)
	at TRANSFORMER/geckolib@4.8.4/software.bernie.geckolib.loading.json.typeadapter.BakedAnimationsAdapter.bakeAnimation(BakedAnimationsAdapter.java:53)
	at TRANSFORMER/geckolib@4.8.4/software.bernie.geckolib.loading.json.typeadapter.BakedAnimationsAdapter.deserialize(BakedAnimationsAdapter.java:39)
	at TRANSFORMER/geckolib@4.8.4/software.bernie.geckolib.loading.json.typeadapter.BakedAnimationsAdapter.deserialize(BakedAnimationsAdapter.java:31)
	at MC-BOOTSTRAP/com.google.gson@2.10/com.google.gson.internal.bind.TreeTypeAdapter.read(TreeTypeAdapter.java:76)
	at MC-BOOTSTRAP/com.google.gson@2.10/com.google.gson.Gson.fromJson(Gson.java:1214)
	at MC-BOOTSTRAP/com.google.gson@2.10/com.google.gson.Gson.fromJson(Gson.java:1319)
	at MC-BOOTSTRAP/com.google.gson@2.10/com.google.gson.Gson.fromJson(Gson.java:1261)
	at TRANSFORMER/geckolib@4.8.4/software.bernie.geckolib.loading.FileLoader.loadAnimationsFile(FileLoader.java:28)
	at TRANSFORMER/geckolib@4.8.4/software.bernie.geckolib.cache.GeckoLibCache.lambda$loadAnimations$1(GeckoLibCache.java:90)
	at TRANSFORMER/geckolib@4.8.4/software.bernie.geckolib.cache.GeckoLibCache.lambda$loadResources$5(GeckoLibCache.java:122)
	at java.base/java.util.concurrent.CompletableFuture$AsyncSupply.run(CompletableFuture.java:1768)
	at java.base/java.util.concurrent.CompletableFuture$AsyncSupply.exec(CompletableFuture.java:1760)
	at java.base/java.util.concurrent.ForkJoinTask.doExec(ForkJoinTask.java:373)
	at java.base/java.util.concurrent.ForkJoinPool$WorkQueue.topLevelExec(ForkJoinPool.java:1182)
	at java.base/java.util.concurrent.ForkJoinPool.scan(ForkJoinPool.java:1655)
	at java.base/java.util.concurrent.ForkJoinPool.runWorker(ForkJoinPool.java:1622)
	at java.base/java.util.concurrent.ForkJoinWorkerThread.run(ForkJoinWorkerThread.java:165)
